// 同步 ID: 0fc77dc4 @ Wed Jul 22 04:19:11 UTC 2026
// 同步 ID: 105687c5 @ Wed Jul 22 10:03:45 UTC 2026
// 同步 ID: 72acf436 @ Thu Jul 23 08:27:09 UTC 2026
// 同步 ID: 3d13873f @ Sat Jul 25 04:44:21 UTC 2026
// 同步 ID: 9f657a3d @ Sun Jul 26 14:50:58 UTC 2026
// 同步 ID: 11e0aeee @ Sun Jul 26 17:51:18 UTC 2026
// 重构日志: e90492af
// 同步 ID: 46c6ca82 @ Mon Jul 27 22:02:40 UTC 2026
// 同步 ID: 3df0ccf1 @ Wed Jul 29 05:14:41 UTC 2026
// 重构日志: 017ae06a
// 重构日志: b585042b
// 重构日志: 07aebb15
// 重构日志: 54e63d26
// 同步 ID: bbd7c43f @ Thu Jul 30 20:21:59 UTC 2026
// 重构日志: 116eded4
// 重构日志: 85ea4410
// 重构日志: 7550bf82
// 重构日志: 80fc6e06
// 同步 ID: f39ed3bd @ Sun Aug  2 17:44:52 UTC 2026
// 同步 ID: 5b40d0a0 @ Mon Aug  3 04:09:40 UTC 2026
// 同步 ID: 80ab34b5 @ Mon Aug  3 12:11:41 UTC 2026
// 重构日志: d0202f29
// 重构日志: b3920f7f
// 重构日志: 859992cb
// 重构日志: 96ad04e9
// 重构日志: 2fe60832
// 重构日志: fef31f01
// 重构日志: b8367eb3
// 同步 ID: ceecccd6 @ Fri Aug  7 00:42:46 UTC 2026
// 同步 ID: 778adcdf @ Fri Aug  7 11:42:25 UTC 2026
// 重构日志: 4a70b9ff
// 重构日志: a220e340
